[1m[92m   Compiling[0m rando v0.1.0 (/win/linux/Code/rust/rando)
[1m[92m    Finished[0m ]8;;https://doc.rust-lang.org/cargo/reference/profiles.html#default-profiles\`test` profile [unoptimized + debuginfo]]8;;\ target(s) in 0.34s
[1m[92m     Running[0m unittests src/lib.rs (target/debug/deps/rando-d3d9180b37c33b91)

running 1 test
Shapiro-Wilk: W = 0.9692187700377854, ss = 8.676000000000002, b = 2.8998175888920716

thread 'tests_verification::tests::test_shapiro_wilk_parity' (54946) panicked at src/tests_verification.rs:529:9:
Shapiro-Wilk P-value mismatch: expected ~0.85957, got 0.9998722964828133
stack backtrace:
   0:     0x55e5d809eb0a - std[e28293b1aa0f68bd]::backtrace_rs::backtrace::libunwind::trace
                               at /rustc/59807616e1fa2540724bfbac14d7976d7e4a3860/library/std/src/../../backtrace/src/backtrace/libunwind.rs:117:9
   1:     0x55e5d809eb0a - std[e28293b1aa0f68bd]::backtrace_rs::backtrace::trace_unsynchronized::<std[e28293b1aa0f68bd]::sys::backtrace::_print_fmt::{closure#1}>
                               at /rustc/59807616e1fa2540724bfbac14d7976d7e4a3860/library/std/src/../../backtrace/src/backtrace/mod.rs:66:14
   2:     0x55e5d809eb0a - std[e28293b1aa0f68bd]::sys::backtrace::_print_fmt
                               at /rustc/59807616e1fa2540724bfbac14d7976d7e4a3860/library/std/src/sys/backtrace.rs:74:9
   3:     0x55e5d809eb0a - <<std[e28293b1aa0f68bd]::sys::backtrace::BacktraceLock>::print::DisplayBacktrace as core[c1f1a4ba060b9bfa]::fmt::Display>::fmt
                               at /rustc/59807616e1fa2540724bfbac14d7976d7e4a3860/library/std/src/sys/backtrace.rs:44:26
   4:     0x55e5d80b379a - <core[c1f1a4ba060b9bfa]::fmt::rt::Argument>::fmt
                               at /rustc/59807616e1fa2540724bfbac14d7976d7e4a3860/library/core/src/fmt/rt.rs:152:76
   5:     0x55e5d80b379a - core[c1f1a4ba060b9bfa]::fmt::write
   6:     0x55e5d80a43b2 - std[e28293b1aa0f68bd]::io::default_write_fmt::<std[e28293b1aa0f68bd]::sys::stdio::unix::Stderr>
                               at /rustc/59807616e1fa2540724bfbac14d7976d7e4a3860/library/std/src/io/mod.rs:639:11
   7:     0x55e5d80a43b2 - <std[e28293b1aa0f68bd]::sys::stdio::unix::Stderr as std[e28293b1aa0f68bd]::io::Write>::write_fmt
                               at /rustc/59807616e1fa2540724bfbac14d7976d7e4a3860/library/std/src/io/mod.rs:1994:13
   8:     0x55e5d807d90f - <std[e28293b1aa0f68bd]::sys::backtrace::BacktraceLock>::print
                               at /rustc/59807616e1fa2540724bfbac14d7976d7e4a3860/library/std/src/sys/backtrace.rs:47:9
   9:     0x55e5d807d90f - std[e28293b1aa0f68bd]::panicking::default_hook::{closure#0}
                               at /rustc/59807616e1fa2540724bfbac14d7976d7e4a3860/library/std/src/panicking.rs:292:27
  10:     0x55e5d8097021 - std[e28293b1aa0f68bd]::panicking::default_hook
                               at /rustc/59807616e1fa2540724bfbac14d7976d7e4a3860/library/std/src/panicking.rs:319:9
  11:     0x55e5d80971db - std[e28293b1aa0f68bd]::panicking::panic_with_hook
                               at /rustc/59807616e1fa2540724bfbac14d7976d7e4a3860/library/std/src/panicking.rs:825:13
  12:     0x55e5d807d9c8 - std[e28293b1aa0f68bd]::panicking::panic_handler::{closure#0}
                               at /rustc/59807616e1fa2540724bfbac14d7976d7e4a3860/library/std/src/panicking.rs:698:13
  13:     0x55e5d8074e09 - std[e28293b1aa0f68bd]::sys::backtrace::__rust_end_short_backtrace::<std[e28293b1aa0f68bd]::panicking::panic_handler::{closure#0}, !>
                               at /rustc/59807616e1fa2540724bfbac14d7976d7e4a3860/library/std/src/sys/backtrace.rs:182:18
  14:     0x55e5d807e7cd - __rustc[b7974e8690430dd9]::rust_begin_unwind
                               at /rustc/59807616e1fa2540724bfbac14d7976d7e4a3860/library/std/src/panicking.rs:689:5
  15:     0x55e5d80b400c - core[c1f1a4ba060b9bfa]::panicking::panic_fmt
                               at /rustc/59807616e1fa2540724bfbac14d7976d7e4a3860/library/core/src/panicking.rs:80:14
  16:     0x55e5d7f42f65 - rando::tests_verification::tests::test_shapiro_wilk_parity::hfedced91605c3d25
                               at /win/linux/Code/rust/rando/src/tests_verification.rs:529:9
  17:     0x55e5d7f54707 - rando::tests_verification::tests::test_shapiro_wilk_parity::{{closure}}::hf6368d4fb5e2cae6
                               at /win/linux/Code/rust/rando/src/tests_verification.rs:525:34
  18:     0x55e5d7f78096 - core::ops::function::FnOnce::call_once::h79cb7fa6a05d538d
                               at /home/admin/.rustup/toolchains/stable-x86_64-unknown-linux-gnu/lib/rustlib/src/rust/library/core/src/ops/function.rs:250:5
  19:     0x55e5d7fd2e8b - <fn() -> core[c1f1a4ba060b9bfa]::result::Result<(), alloc[fdfd2bd8633a6659]::string::String> as core[c1f1a4ba060b9bfa]::ops::function::FnOnce<()>>::call_once
                               at /rustc/59807616e1fa2540724bfbac14d7976d7e4a3860/library/core/src/ops/function.rs:250:5
  20:     0x55e5d7fd2e8b - test[273d7611820c9051]::__rust_begin_short_backtrace::<core[c1f1a4ba060b9bfa]::result::Result<(), alloc[fdfd2bd8633a6659]::string::String>, fn() -> core[c1f1a4ba060b9bfa]::result::Result<(), alloc[fdfd2bd8633a6659]::string::String>>
                               at /rustc/59807616e1fa2540724bfbac14d7976d7e4a3860/library/test/src/lib.rs:663:18
  21:     0x55e5d7fdf87b - test[273d7611820c9051]::run_test_in_process::{closure#0}
                               at /rustc/59807616e1fa2540724bfbac14d7976d7e4a3860/library/test/src/lib.rs:686:74
  22:     0x55e5d7fdf87b - <core[c1f1a4ba060b9bfa]::panic::unwind_safe::AssertUnwindSafe<test[273d7611820c9051]::run_test_in_process::{closure#0}> as core[c1f1a4ba060b9bfa]::ops::function::FnOnce<()>>::call_once
                               at /rustc/59807616e1fa2540724bfbac14d7976d7e4a3860/library/core/src/panic/unwind_safe.rs:274:9
  23:     0x55e5d7fdf87b - std[e28293b1aa0f68bd]::panicking::catch_unwind::do_call::<core[c1f1a4ba060b9bfa]::panic::unwind_safe::AssertUnwindSafe<test[273d7611820c9051]::run_test_in_process::{closure#0}>, core[c1f1a4ba060b9bfa]::result::Result<(), alloc[fdfd2bd8633a6659]::string::String>>
                               at /rustc/59807616e1fa2540724bfbac14d7976d7e4a3860/library/std/src/panicking.rs:581:40
  24:     0x55e5d7fdf87b - std[e28293b1aa0f68bd]::panicking::catch_unwind::<core[c1f1a4ba060b9bfa]::result::Result<(), alloc[fdfd2bd8633a6659]::string::String>, core[c1f1a4ba060b9bfa]::panic::unwind_safe::AssertUnwindSafe<test[273d7611820c9051]::run_test_in_process::{closure#0}>>
                               at /rustc/59807616e1fa2540724bfbac14d7976d7e4a3860/library/std/src/panicking.rs:544:19
  25:     0x55e5d7fdf87b - std[e28293b1aa0f68bd]::panic::catch_unwind::<core[c1f1a4ba060b9bfa]::panic::unwind_safe::AssertUnwindSafe<test[273d7611820c9051]::run_test_in_process::{closure#0}>, core[c1f1a4ba060b9bfa]::result::Result<(), alloc[fdfd2bd8633a6659]::string::String>>
                               at /rustc/59807616e1fa2540724bfbac14d7976d7e4a3860/library/std/src/panic.rs:359:14
  26:     0x55e5d7fdf87b - test[273d7611820c9051]::run_test_in_process
                               at /rustc/59807616e1fa2540724bfbac14d7976d7e4a3860/library/test/src/lib.rs:686:27
  27:     0x55e5d7fdf87b - test[273d7611820c9051]::run_test::{closure#0}
                               at /rustc/59807616e1fa2540724bfbac14d7976d7e4a3860/library/test/src/lib.rs:607:43
  28:     0x55e5d7fdaf94 - test[273d7611820c9051]::run_test::{closure#1}
                               at /rustc/59807616e1fa2540724bfbac14d7976d7e4a3860/library/test/src/lib.rs:637:41
  29:     0x55e5d7fdaf94 - std[e28293b1aa0f68bd]::sys::backtrace::__rust_begin_short_backtrace::<test[273d7611820c9051]::run_test::{closure#1}, ()>
                               at /rustc/59807616e1fa2540724bfbac14d7976d7e4a3860/library/std/src/sys/backtrace.rs:166:18
  30:     0x55e5d7fe2482 - std[e28293b1aa0f68bd]::thread::lifecycle::spawn_unchecked::<test[273d7611820c9051]::run_test::{closure#1}, ()>::{closure#1}::{closure#0}
                               at /rustc/59807616e1fa2540724bfbac14d7976d7e4a3860/library/std/src/thread/lifecycle.rs:91:13
  31:     0x55e5d7fe2482 - <core[c1f1a4ba060b9bfa]::panic::unwind_safe::AssertUnwindSafe<std[e28293b1aa0f68bd]::thread::lifecycle::spawn_unchecked<test[273d7611820c9051]::run_test::{closure#1}, ()>::{closure#1}::{closure#0}> as core[c1f1a4ba060b9bfa]::ops::function::FnOnce<()>>::call_once
                               at /rustc/59807616e1fa2540724bfbac14d7976d7e4a3860/library/core/src/panic/unwind_safe.rs:274:9
  32:     0x55e5d7fe2482 - std[e28293b1aa0f68bd]::panicking::catch_unwind::do_call::<core[c1f1a4ba060b9bfa]::panic::unwind_safe::AssertUnwindSafe<std[e28293b1aa0f68bd]::thread::lifecycle::spawn_unchecked<test[273d7611820c9051]::run_test::{closure#1}, ()>::{closure#1}::{closure#0}>, ()>
                               at /rustc/59807616e1fa2540724bfbac14d7976d7e4a3860/library/std/src/panicking.rs:581:40
  33:     0x55e5d7fe2482 - std[e28293b1aa0f68bd]::panicking::catch_unwind::<(), core[c1f1a4ba060b9bfa]::panic::unwind_safe::AssertUnwindSafe<std[e28293b1aa0f68bd]::thread::lifecycle::spawn_unchecked<test[273d7611820c9051]::run_test::{closure#1}, ()>::{closure#1}::{closure#0}>>
                               at /rustc/59807616e1fa2540724bfbac14d7976d7e4a3860/library/std/src/panicking.rs:544:19
  34:     0x55e5d7fe2482 - std[e28293b1aa0f68bd]::panic::catch_unwind::<core[c1f1a4ba060b9bfa]::panic::unwind_safe::AssertUnwindSafe<std[e28293b1aa0f68bd]::thread::lifecycle::spawn_unchecked<test[273d7611820c9051]::run_test::{closure#1}, ()>::{closure#1}::{closure#0}>, ()>
                               at /rustc/59807616e1fa2540724bfbac14d7976d7e4a3860/library/std/src/panic.rs:359:14
  35:     0x55e5d7fe2482 - std[e28293b1aa0f68bd]::thread::lifecycle::spawn_unchecked::<test[273d7611820c9051]::run_test::{closure#1}, ()>::{closure#1}
                               at /rustc/59807616e1fa2540724bfbac14d7976d7e4a3860/library/std/src/thread/lifecycle.rs:89:26
  36:     0x55e5d7fe2482 - <std[e28293b1aa0f68bd]::thread::lifecycle::spawn_unchecked<test[273d7611820c9051]::run_test::{closure#1}, ()>::{closure#1} as core[c1f1a4ba060b9bfa]::ops::function::FnOnce<()>>::call_once::{shim:vtable#0}
                               at /rustc/59807616e1fa2540724bfbac14d7976d7e4a3860/library/core/src/ops/function.rs:250:5
  37:     0x55e5d809e41f - <alloc[fdfd2bd8633a6659]::boxed::Box<dyn core[c1f1a4ba060b9bfa]::ops::function::FnOnce<(), Output = ()> + core[c1f1a4ba060b9bfa]::marker::Send> as core[c1f1a4ba060b9bfa]::ops::function::FnOnce<()>>::call_once
                               at /rustc/59807616e1fa2540724bfbac14d7976d7e4a3860/library/alloc/src/boxed.rs:2240:9
  38:     0x55e5d809e41f - <std[e28293b1aa0f68bd]::sys::thread::unix::Thread>::new::thread_start
                               at /rustc/59807616e1fa2540724bfbac14d7976d7e4a3860/library/std/src/sys/thread/unix.rs:118:17
  39:     0x7f9c4f89697a - <unknown>
  40:     0x7f9c4f91a2bc - <unknown>
  41:                0x0 - <unknown>
test tests_verification::tests::test_shapiro_wilk_parity ... FAILED

failures:

failures:
    tests_verification::tests::test_shapiro_wilk_parity

test result: FAILED. 0 passed; 1 failed; 0 ignored; 0 measured; 24 filtered out; finished in 0.03s

[1m[91merror[0m: test failed, to rerun pass `--lib`
